/home/mika/Schreibtisch/STM32CubeN6/Projects/STM32N6570-DK/Applications/NetXDuo/Nx_MQTT_Client/STM32CubeIDE/Middlewares/wolfssl/wolfcrypt/src/misc.c:109:37:rotlFixed	16	static
/home/mika/Schreibtisch/STM32CubeN6/Projects/STM32N6570-DK/Applications/NetXDuo/Nx_MQTT_Client/STM32CubeIDE/Middlewares/wolfssl/wolfcrypt/src/misc.c:139:33:ByteReverseWord32	16	static
/home/mika/Schreibtisch/STM32CubeN6/Projects/STM32N6570-DK/Applications/NetXDuo/Nx_MQTT_Client/STM32CubeIDE/Middlewares/wolfssl/wolfcrypt/src/misc.c:591:31:ForceZero	24	static
/home/mika/Schreibtisch/STM32CubeN6/Projects/STM32N6570-DK/Applications/NetXDuo/Nx_MQTT_Client/STM32CubeIDE/Middlewares/wolfssl/wolfcrypt/src/misc.c:649:31:ctMaskGT	16	static
/home/mika/Schreibtisch/STM32CubeN6/Projects/STM32N6570-DK/Applications/NetXDuo/Nx_MQTT_Client/STM32CubeIDE/Middlewares/wolfssl/wolfcrypt/src/misc.c:675:31:ctMaskLT	16	static
/home/mika/Schreibtisch/STM32CubeN6/Projects/STM32N6570-DK/Applications/NetXDuo/Nx_MQTT_Client/STM32CubeIDE/Middlewares/wolfssl/wolfcrypt/src/misc.c:687:31:ctMaskEq	24	static
/home/mika/Schreibtisch/STM32CubeN6/Projects/STM32N6570-DK/Applications/NetXDuo/Nx_MQTT_Client/STM32CubeIDE/Middlewares/wolfssl/wolfcrypt/src/misc.c:729:31:ctMaskSel	16	static
/home/mika/Schreibtisch/STM32CubeN6/Projects/STM32N6570-DK/Applications/NetXDuo/Nx_MQTT_Client/STM32CubeIDE/Middlewares/wolfssl/wolfcrypt/src/misc.c:749:31:ctSetLTE	16	static
/home/mika/Schreibtisch/STM32CubeN6/Projects/STM32N6570-DK/Applications/NetXDuo/Nx_MQTT_Client/STM32CubeIDE/Middlewares/wolfssl/wolfcrypt/src/misc.c:812:31:c16toa	16	static
/home/mika/Schreibtisch/STM32CubeN6/Projects/STM32N6570-DK/Applications/NetXDuo/Nx_MQTT_Client/STM32CubeIDE/Middlewares/wolfssl/wolfcrypt/src/misc.c:819:31:c32toa	16	static
/home/mika/Schreibtisch/STM32CubeN6/Projects/STM32N6570-DK/Applications/NetXDuo/Nx_MQTT_Client/STM32CubeIDE/Middlewares/wolfssl/wolfcrypt/src/misc.c:851:31:ato16	16	static
/home/mika/Schreibtisch/STM32CubeN6/Projects/STM32N6570-DK/Applications/NetXDuo/Nx_MQTT_Client/STM32CubeIDE/Middlewares/wolfssl/wolfcrypt/src/misc.c:857:31:ato32	16	static
../Middlewares/wolfssl/src/tls.c:119:5:BuildTlsHandshakeHash	32	static
../Middlewares/wolfssl/src/tls.c:169:5:BuildTlsFinished	128	static
../Middlewares/wolfssl/src/tls.c:271:17:MakeTLSv1_2	16	static
../Middlewares/wolfssl/src/tls.c:287:17:MakeTLSv1_3	16	static
../Middlewares/wolfssl/src/tls.c:306:5:wolfSSL_CTX_set_groups	32	static
../Middlewares/wolfssl/src/tls.c:351:5:wolfSSL_set_groups	32	static
../Middlewares/wolfssl/src/tls.c:398:12:_DeriveTlsKeys	128	static
../Middlewares/wolfssl/src/tls.c:451:5:wolfSSL_DeriveTlsKeys	48	static
../Middlewares/wolfssl/src/tls.c:461:5:DeriveTlsKeys	72	static
../Middlewares/wolfssl/src/tls.c:496:12:_MakeTlsMasterSecret	128	static
../Middlewares/wolfssl/src/tls.c:543:5:wolfSSL_MakeTlsMasterSecret	48	static
../Middlewares/wolfssl/src/tls.c:600:5:MakeTlsMasterSecret	72	static
../Middlewares/wolfssl/src/tls.c:698:5:wolfSSL_make_eap_keys	80	static
../Middlewares/wolfssl/src/tls.c:737:5:wolfSSL_GetHmacType	16	static
../Middlewares/wolfssl/src/tls.c:746:5:wolfSSL_SetTlsHmacInner	24	static
../Middlewares/wolfssl/src/tls.c:784:12:Hmac_HashUpdate	32	static
../Middlewares/wolfssl/src/tls.c:833:12:Hmac_HashFinalRaw	24	static
../Middlewares/wolfssl/src/tls.c:882:12:Hmac_OuterHash	448	static
../Middlewares/wolfssl/src/tls.c:922:12:Hmac_UpdateFinal_CT	264	static
../Middlewares/wolfssl/src/tls.c:1228:12:TLS_hmac_SetInner	32	static
../Middlewares/wolfssl/src/tls.c:1273:5:TLS_hmac	856	static
../Middlewares/wolfssl/src/tls.c:1367:5:wolfSSL_GetHmacType_ex	16	static
../Middlewares/wolfssl/src/tls.c:1447:25:TLSX_ToSemaphore	16	static
../Middlewares/wolfssl/src/tls.c:1494:14:TLSX_New	32	static
../Middlewares/wolfssl/src/tls.c:1514:5:TLSX_Append	40	static
../Middlewares/wolfssl/src/tls.c:1546:5:TLSX_Push	32	static
../Middlewares/wolfssl/src/tls.c:1581:5:TLSX_CheckUnsupportedExtension	24	static
../Middlewares/wolfssl/src/tls.c:1593:5:TLSX_HandleUnsupportedExtension	16	static
../Middlewares/wolfssl/src/tls.c:1610:6:TLSX_SetResponse	24	static
../Middlewares/wolfssl/src/tls.c:4373:12:TLSX_IsGroupSupported	16	static
../Middlewares/wolfssl/src/tls.c:4640:12:TLSX_SupportedCurve_New	24	static
../Middlewares/wolfssl/src/tls.c:4659:12:TLSX_PointFormat_New	24	static
../Middlewares/wolfssl/src/tls.c:4677:13:TLSX_SupportedCurve_FreeAll	24	static
../Middlewares/wolfssl/src/tls.c:4688:13:TLSX_PointFormat_FreeAll	24	static
../Middlewares/wolfssl/src/tls.c:4699:12:TLSX_SupportedCurve_Append	32	static
../Middlewares/wolfssl/src/tls.c:4721:12:TLSX_PointFormat_Append	32	static
../Middlewares/wolfssl/src/tls.c:4746:13:TLSX_SupportedCurve_ValidateRequest	16	static
../Middlewares/wolfssl/src/tls.c:4801:13:TLSX_PointFormat_ValidateRequest	16	static
../Middlewares/wolfssl/src/tls.c:4849:13:TLSX_PointFormat_ValidateResponse	24	static
../Middlewares/wolfssl/src/tls.c:4889:15:TLSX_SupportedCurve_GetSize	24	static
../Middlewares/wolfssl/src/tls.c:4904:15:TLSX_PointFormat_GetSize	24	static
../Middlewares/wolfssl/src/tls.c:4919:15:TLSX_SupportedCurve_Write	24	static
../Middlewares/wolfssl/src/tls.c:4936:15:TLSX_PointFormat_Write	24	static
../Middlewares/wolfssl/src/tls.c:4953:5:TLSX_SupportedCurve_Parse	48	static
../Middlewares/wolfssl/src/tls.c:5040:5:TLSX_SupportedCurve_CheckPriority	40	static
../Middlewares/wolfssl/src/tls.c:5096:12:tlsx_ffdhe_find_group	40	static
../Middlewares/wolfssl/src/tls.c:5271:5:TLSX_SupportedFFDHE_Set	56	static
../Middlewares/wolfssl/src/tls.c:5338:5:TLSX_SupportedCurve_Preferred	24	static
../Middlewares/wolfssl/src/tls.c:5361:12:TLSX_PointFormat_Parse	32	static
../Middlewares/wolfssl/src/tls.c:5384:5:TLSX_ValidateSupportedCurves	72	static
../Middlewares/wolfssl/src/tls.c:5742:5:TLSX_SupportedCurve_Copy	40	static
../Middlewares/wolfssl/src/tls.c:5761:5:TLSX_UseSupportedCurve	40	static
../Middlewares/wolfssl/src/tls.c:5815:5:TLSX_UsePointFormat	40	static
../Middlewares/wolfssl/src/tls.c:6687:22:versionIsGreater	16	static
../Middlewares/wolfssl/src/tls.c:6700:22:versionIsLesser	16	static
../Middlewares/wolfssl/src/tls.c:6713:22:versionIsAtLeast	16	static
../Middlewares/wolfssl/src/tls.c:6726:22:versionIsLessEqual	16	static
../Middlewares/wolfssl/src/tls.c:6745:12:TLSX_SupportedVersions_GetSize	40	static
../Middlewares/wolfssl/src/tls.c:6828:12:TLSX_SupportedVersions_Write	40	static
../Middlewares/wolfssl/src/tls.c:6946:5:TLSX_SupportedVersions_Parse	56	static
../Middlewares/wolfssl/src/tls.c:7111:12:TLSX_SetSupportedVersions	24	static
../Middlewares/wolfssl/src/tls.c:7331:15:TLSX_CA_Names_GetSize	40	static
../Middlewares/wolfssl/src/tls.c:7352:15:TLSX_CA_Names_Write	48	static
../Middlewares/wolfssl/src/tls.c:7379:12:TLSX_CA_Names_Parse	56	static
../Middlewares/wolfssl/src/tls.c:7483:15:TLSX_SignatureAlgorithms_GetSize	24	static
../Middlewares/wolfssl/src/tls.c:7503:12:TLSX_SignatureAlgorithms_MapPss	32	static
../Middlewares/wolfssl/src/tls.c:7532:15:TLSX_SignatureAlgorithms_Write	32	static
../Middlewares/wolfssl/src/tls.c:7566:12:TLSX_SignatureAlgorithms_Parse	32	static
../Middlewares/wolfssl/src/tls.c:7607:12:TLSX_SetSignatureAlgorithms	32	static
../Middlewares/wolfssl/src/tls.c:7630:22:TLSX_SignatureAlgorithms_New	32	static
../Middlewares/wolfssl/src/tls.c:7646:6:TLSX_SignatureAlgorithms_FreeAll	24	static
../Middlewares/wolfssl/src/tls.c:7668:15:TLSX_SignatureAlgorithmsCert_GetSize	24	static
../Middlewares/wolfssl/src/tls.c:7681:15:TLSX_SignatureAlgorithmsCert_Write	24	static
../Middlewares/wolfssl/src/tls.c:7699:12:TLSX_SignatureAlgorithmsCert_Parse	32	static
../Middlewares/wolfssl/src/tls.c:7736:12:TLSX_SetSignatureAlgorithmsCert	24	static
../Middlewares/wolfssl/src/tls.c:7771:12:TLSX_KeyShare_GenDhKey	56	static
../Middlewares/wolfssl/src/tls.c:7956:12:TLSX_KeyShare_GenX25519Key	32	static
../Middlewares/wolfssl/src/tls.c:8044:12:TLSX_KeyShare_GenX448Key	24	static
../Middlewares/wolfssl/src/tls.c:8129:12:TLSX_KeyShare_GenEccKey	40	static
../Middlewares/wolfssl/src/tls.c:8298:12:mlkem_id2type	24	static
../Middlewares/wolfssl/src/tls.c:8392:13:findEccPqc	32	static
../Middlewares/wolfssl/src/tls.c:8424:12:TLSX_KeyShare_GenPqcKeyClient	48	static
../Middlewares/wolfssl/src/tls.c:8577:12:TLSX_KeyShare_GenPqcHybridKeyClient	40	static
../Middlewares/wolfssl/src/tls.c:8717:5:TLSX_KeyShare_GenKey	24	static
../Middlewares/wolfssl/src/tls.c:8746:13:TLSX_KeyShare_FreeAll	48	static
../Middlewares/wolfssl/src/tls.c:8830:15:TLSX_KeyShare_GetSize	24	static
../Middlewares/wolfssl/src/tls.c:8863:15:TLSX_KeyShare_Write	32	static
../Middlewares/wolfssl/src/tls.c:8906:12:TLSX_KeyShare_ProcessDh	96	static
../Middlewares/wolfssl/src/tls.c:9047:12:TLSX_KeyShare_ProcessX25519_ex	64	static
../Middlewares/wolfssl/src/tls.c:9135:12:TLSX_KeyShare_ProcessX25519	16	static
../Middlewares/wolfssl/src/tls.c:9151:12:TLSX_KeyShare_ProcessX448_ex	32	static
../Middlewares/wolfssl/src/tls.c:9234:12:TLSX_KeyShare_ProcessX448	16	static
../Middlewares/wolfssl/src/tls.c:9249:12:TLSX_KeyShare_ProcessEcc_ex	72	static
../Middlewares/wolfssl/src/tls.c:9396:12:TLSX_KeyShare_ProcessEcc	16	static
../Middlewares/wolfssl/src/tls.c:9412:12:TLSX_KeyShare_ProcessPqcClient_ex	56	static
../Middlewares/wolfssl/src/tls.c:9520:12:TLSX_KeyShare_ProcessPqcClient	16	static
../Middlewares/wolfssl/src/tls.c:9534:12:TLSX_KeyShare_ProcessPqcHybridClient	72	static
../Middlewares/wolfssl/src/tls.c:9755:12:TLSX_KeyShare_Process	24	static
../Middlewares/wolfssl/src/tls.c:9808:12:TLSX_KeyShareEntry_Parse	56	static
../Middlewares/wolfssl/src/tls.c:9887:12:TLSX_KeyShare_Find	24	static
../Middlewares/wolfssl/src/tls.c:9916:12:TLSX_SupportedGroups_Find	32	static
../Middlewares/wolfssl/src/tls.c:9942:5:TLSX_KeyShare_Parse_ClientHello	112	static
../Middlewares/wolfssl/src/tls.c:9994:5:TLSX_KeyShare_Parse	56	static
../Middlewares/wolfssl/src/tls.c:10102:12:TLSX_KeyShare_New	32	static
../Middlewares/wolfssl/src/tls.c:10142:12:TLSX_KeyShare_HandlePqcKeyServer	64	static
../Middlewares/wolfssl/src/tls.c:10245:12:TLSX_KeyShare_HandlePqcHybridKeyServer	104	static
../Middlewares/wolfssl/src/tls.c:10489:5:TLSX_KeyShare_Use	48	static
../Middlewares/wolfssl/src/tls.c:10586:5:TLSX_KeyShare_Empty	24	static
../Middlewares/wolfssl/src/tls.c:10743:12:TLSX_KeyShare_GroupRank	32	static
../Middlewares/wolfssl/src/tls.c:10786:5:TLSX_KeyShare_SetSupported	56	static
../Middlewares/wolfssl/src/tls.c:10882:15:CKS_WRITE	16	static
../Middlewares/wolfssl/src/tls.c:10888:12:TLSX_UseCKS	32	static
../Middlewares/wolfssl/src/tls.c:10907:5:TLSX_CKS_Set	24	static
../Middlewares/wolfssl/src/tls.c:10924:5:TLSX_CKS_Parse	40	static
../Middlewares/wolfssl/src/tls.c:11007:5:TLSX_KeyShare_Choose	56	static
../Middlewares/wolfssl/src/tls.c:11102:5:TLSX_KeyShare_Setup	32	static
../Middlewares/wolfssl/src/tls.c:11199:5:TLSX_KeyShare_Establish	40	static
../Middlewares/wolfssl/src/tls.c:11227:5:TLSX_KeyShare_DeriveSecret	32	static
../Middlewares/wolfssl/src/tls.c:11279:13:TLSX_PreSharedKey_FreeAll	32	static
../Middlewares/wolfssl/src/tls.c:11299:12:TLSX_PreSharedKey_GetSize	32	static
../Middlewares/wolfssl/src/tls.c:11331:5:TLSX_PreSharedKey_GetSizeBinders	32	static
../Middlewares/wolfssl/src/tls.c:11360:5:TLSX_PreSharedKey_WriteBinders	40	static
../Middlewares/wolfssl/src/tls.c:11402:12:TLSX_PreSharedKey_Write	48	static
../Middlewares/wolfssl/src/tls.c:11467:5:TLSX_PreSharedKey_Parse_ClientHello	80	static
../Middlewares/wolfssl/src/tls.c:11570:12:TLSX_PreSharedKey_Parse	40	static
../Middlewares/wolfssl/src/tls.c:11637:12:TLSX_PreSharedKey_New	40	static
../Middlewares/wolfssl/src/tls.c:11675:23:GetHmacLength	16	static
../Middlewares/wolfssl/src/tls.c:11713:5:TLSX_PreSharedKey_Use	48	static
../Middlewares/wolfssl/src/tls.c:11793:12:TLSX_PskKeModes_GetSize	24	static
../Middlewares/wolfssl/src/tls.c:11820:12:TLSX_PskKeModes_Write	32	static
../Middlewares/wolfssl/src/tls.c:11843:5:TLSX_PskKeyModes_Parse_Modes	32	static
../Middlewares/wolfssl/src/tls.c:11886:12:TLSX_PskKeModes_Parse	32	static
../Middlewares/wolfssl/src/tls.c:11909:5:TLSX_PskKeyModes_Use	24	static
../Middlewares/wolfssl/src/tls.c:12815:7:TLSX_Find	24	static
../Middlewares/wolfssl/src/tls.c:12826:6:TLSX_Remove	32	static
../Middlewares/wolfssl/src/tls.c:13524:6:TLSX_FreeAll	24	static
../Middlewares/wolfssl/src/tls.c:13715:5:TLSX_SupportExtensions	16	static
../Middlewares/wolfssl/src/tls.c:13720:12:TLSX_GetSize	48	static
../Middlewares/wolfssl/src/tls.c:13915:12:TLSX_Write	48	static
../Middlewares/wolfssl/src/tls.c:14175:12:TLSX_PopulateSupportedGroups	24	static
../Middlewares/wolfssl/src/tls.c:14539:5:TLSX_PopulateExtensions	128	static
../Middlewares/wolfssl/src/tls.c:15091:5:TLSX_GetRequestSize	48	static
../Middlewares/wolfssl/src/tls.c:15265:5:TLSX_WriteRequest	56	static
../Middlewares/wolfssl/src/tls.c:15413:5:TLSX_GetResponseSize	48	static
../Middlewares/wolfssl/src/tls.c:15559:5:TLSX_WriteResponse	56	static
../Middlewares/wolfssl/src/tls.c:15729:5:TLSX_ParseVersion	64	static
../Middlewares/wolfssl/src/tls.c:15774:15:TLSX_GetMinSize_Client	16	static
../Middlewares/wolfssl/src/tls.c:15843:15:TLSX_GetMinSize_Server	16	static
../Middlewares/wolfssl/src/tls.c:15911:5:TLSX_Parse	80	static
../Middlewares/wolfssl/src/tls.c:16601:21:wolfTLS_client_method	8	static
../Middlewares/wolfssl/src/tls.c:16605:21:wolfTLS_client_method_ex	24	static
../Middlewares/wolfssl/src/tls.c:16669:21:wolfTLSv1_2_client_method	8	static
../Middlewares/wolfssl/src/tls.c:16673:21:wolfTLSv1_2_client_method_ex	24	static
../Middlewares/wolfssl/src/tls.c:16692:21:wolfTLSv1_3_client_method	8	static
../Middlewares/wolfssl/src/tls.c:16702:21:wolfTLSv1_3_client_method_ex	24	static
../Middlewares/wolfssl/src/tls.c:16844:21:wolfTLSv1_2_method	8	static
../Middlewares/wolfssl/src/tls.c:16848:21:wolfTLSv1_2_method_ex	24	static
../Middlewares/wolfssl/src/tls.c:16869:21:wolfTLSv1_3_method	8	static
../Middlewares/wolfssl/src/tls.c:16873:21:wolfTLSv1_3_method_ex	24	static
../Middlewares/wolfssl/src/tls.c:16975:21:wolfTLS_server_method	8	static
../Middlewares/wolfssl/src/tls.c:16980:21:wolfTLS_server_method_ex	24	static
../Middlewares/wolfssl/src/tls.c:17049:21:wolfTLSv1_2_server_method	8	static
../Middlewares/wolfssl/src/tls.c:17053:21:wolfTLSv1_2_server_method_ex	24	static
../Middlewares/wolfssl/src/tls.c:17074:21:wolfTLSv1_3_server_method	8	static
../Middlewares/wolfssl/src/tls.c:17084:21:wolfTLSv1_3_server_method_ex	24	static
