../../../../../../../Drivers/STM32N6xx_HAL_Driver/Inc/stm32n6xx_ll_bus.h:1165:22:LL_AHB3_GRP1_EnableClock	24	static
../../../../../../../Drivers/STM32N6xx_HAL_Driver/Inc/stm32n6xx_ll_bus.h:1407:22:LL_AHB4_GRP1_EnableClock	24	static
/home/mika/Schreibtisch/STM32CubeN6/Projects/STM32N6570-DK/Applications/NetXDuo/Nx_MQTT_Client/Core/Src/main.c:90:6:Success_Handler	8	static
/home/mika/Schreibtisch/STM32CubeN6/Projects/STM32N6570-DK/Applications/NetXDuo/Nx_MQTT_Client/Core/Src/main.c:105:5:main	24	static,ignoring_inline_asm
/home/mika/Schreibtisch/STM32CubeN6/Projects/STM32N6570-DK/Applications/NetXDuo/Nx_MQTT_Client/Core/Src/main.c:196:6:SystemClock_Config	224	static
/home/mika/Schreibtisch/STM32CubeN6/Projects/STM32N6570-DK/Applications/NetXDuo/Nx_MQTT_Client/Core/Src/main.c:291:13:MX_ETH_Init	16	static
/home/mika/Schreibtisch/STM32CubeN6/Projects/STM32N6570-DK/Applications/NetXDuo/Nx_MQTT_Client/Core/Src/main.c:339:13:MX_RNG_Init	8	static
/home/mika/Schreibtisch/STM32CubeN6/Projects/STM32N6570-DK/Applications/NetXDuo/Nx_MQTT_Client/Core/Src/main.c:364:13:MX_USART1_UART_Init	8	static
/home/mika/Schreibtisch/STM32CubeN6/Projects/STM32N6570-DK/Applications/NetXDuo/Nx_MQTT_Client/Core/Src/main.c:407:13:MX_GPIO_Init	32	static
/home/mika/Schreibtisch/STM32CubeN6/Projects/STM32N6570-DK/Applications/NetXDuo/Nx_MQTT_Client/Core/Src/main.c:469:1:__io_putchar	16	static
/home/mika/Schreibtisch/STM32CubeN6/Projects/STM32N6570-DK/Applications/NetXDuo/Nx_MQTT_Client/Core/Src/main.c:479:6:MPU_Config	40	static,ignoring_inline_asm
/home/mika/Schreibtisch/STM32CubeN6/Projects/STM32N6570-DK/Applications/NetXDuo/Nx_MQTT_Client/Core/Src/main.c:536:13:RISAF_Config	16	static
/home/mika/Schreibtisch/STM32CubeN6/Projects/STM32N6570-DK/Applications/NetXDuo/Nx_MQTT_Client/Core/Src/main.c:557:6:HAL_TIM_PeriodElapsedCallback	16	static
/home/mika/Schreibtisch/STM32CubeN6/Projects/STM32N6570-DK/Applications/NetXDuo/Nx_MQTT_Client/Core/Src/main.c:574:6:Error_Handler	8	static
