/home/mika/Schreibtisch/STM32CubeN6/Projects/STM32N6570-DK/Applications/NetXDuo/Nx_MQTT_Client/Core/Src/stm32n6xx_it.c:70:6:NMI_Handler	4	static
/home/mika/Schreibtisch/STM32CubeN6/Projects/STM32N6570-DK/Applications/NetXDuo/Nx_MQTT_Client/Core/Src/stm32n6xx_it.c:85:6:HardFault_Handler	4	static
/home/mika/Schreibtisch/STM32CubeN6/Projects/STM32N6570-DK/Applications/NetXDuo/Nx_MQTT_Client/Core/Src/stm32n6xx_it.c:100:6:MemManage_Handler	4	static
/home/mika/Schreibtisch/STM32CubeN6/Projects/STM32N6570-DK/Applications/NetXDuo/Nx_MQTT_Client/Core/Src/stm32n6xx_it.c:115:6:BusFault_Handler	4	static
/home/mika/Schreibtisch/STM32CubeN6/Projects/STM32N6570-DK/Applications/NetXDuo/Nx_MQTT_Client/Core/Src/stm32n6xx_it.c:130:6:UsageFault_Handler	4	static
/home/mika/Schreibtisch/STM32CubeN6/Projects/STM32N6570-DK/Applications/NetXDuo/Nx_MQTT_Client/Core/Src/stm32n6xx_it.c:145:6:SecureFault_Handler	4	static
/home/mika/Schreibtisch/STM32CubeN6/Projects/STM32N6570-DK/Applications/NetXDuo/Nx_MQTT_Client/Core/Src/stm32n6xx_it.c:160:6:SVC_Handler	4	static
/home/mika/Schreibtisch/STM32CubeN6/Projects/STM32N6570-DK/Applications/NetXDuo/Nx_MQTT_Client/Core/Src/stm32n6xx_it.c:173:6:DebugMon_Handler	4	static
/home/mika/Schreibtisch/STM32CubeN6/Projects/STM32N6570-DK/Applications/NetXDuo/Nx_MQTT_Client/Core/Src/stm32n6xx_it.c:193:6:TIM6_IRQHandler	8	static
/home/mika/Schreibtisch/STM32CubeN6/Projects/STM32N6570-DK/Applications/NetXDuo/Nx_MQTT_Client/Core/Src/stm32n6xx_it.c:207:6:ETH1_IRQHandler	8	static
