/home/mika/Schreibtisch/STM32CubeN6/Projects/STM32N6570-DK/Applications/NetXDuo/Nx_MQTT_Client/STM32CubeIDE/Middlewares/wolfssl/wolfcrypt/src/misc.c:591:31:ForceZero	24	static
/home/mika/Schreibtisch/STM32CubeN6/Projects/STM32N6570-DK/Applications/NetXDuo/Nx_MQTT_Client/STM32CubeIDE/Middlewares/wolfssl/wolfcrypt/src/misc.c:668:33:ctMaskWord32GTE	32	static
/home/mika/Schreibtisch/STM32CubeN6/Projects/STM32N6570-DK/Applications/NetXDuo/Nx_MQTT_Client/STM32CubeIDE/Middlewares/wolfssl/wolfcrypt/src/misc.c:773:37:min	24	static
/home/mika/Schreibtisch/STM32CubeN6/Projects/STM32N6570-DK/Applications/NetXDuo/Nx_MQTT_Client/STM32CubeIDE/Middlewares/wolfssl/wolfcrypt/src/misc.c:881:33:btoi	16	static
/home/mika/Schreibtisch/STM32CubeN6/Projects/STM32N6570-DK/Applications/NetXDuo/Nx_MQTT_Client/STM32CubeIDE/Middlewares/wolfssl/wolfcrypt/src/misc.c:1320:32:CopyString	32	static
../Middlewares/wolfssl/wolfcrypt/src/asn.c:323:15:BytePrecision	24	static
../Middlewares/wolfssl/wolfcrypt/src/asn.c:342:22:SetASNLength	24	static
../Middlewares/wolfssl/wolfcrypt/src/asn.c:375:5:wc_AsnSetSkipDateCheck	16	static
../Middlewares/wolfssl/wolfcrypt/src/asn.c:380:5:wc_AsnGetSkipDateCheck	4	static
../Middlewares/wolfssl/wolfcrypt/src/asn.c:395:15:SizeASNLength	16	static
../Middlewares/wolfssl/wolfcrypt/src/asn.c:641:15:SizeASN_Num	32	static
../Middlewares/wolfssl/wolfcrypt/src/asn.c:669:13:SizeASN_CalcDataLength	32	static
../Middlewares/wolfssl/wolfcrypt/src/asn.c:706:5:SizeASN_Items	48	static
../Middlewares/wolfssl/wolfcrypt/src/asn.c:843:13:SetASN_Num	40	static
../Middlewares/wolfssl/wolfcrypt/src/asn.c:909:5:SetASN_Items	56	static
../Middlewares/wolfssl/wolfcrypt/src/asn.c:1077:12:GetASN_Integer	24	static
../Middlewares/wolfssl/wolfcrypt/src/asn.c:1126:5:GetASN_BitString	24	static
../Middlewares/wolfssl/wolfcrypt/src/asn.c:1167:12:GetASN_UTF8String	40	static
../Middlewares/wolfssl/wolfcrypt/src/asn.c:1228:12:GetASN_ObjectId	32	static
../Middlewares/wolfssl/wolfcrypt/src/asn.c:1268:12:GetASN_StoreData	56	static
../Middlewares/wolfssl/wolfcrypt/src/asn.c:1530:5:GetASN_Items	120	static
../Middlewares/wolfssl/wolfcrypt/src/asn.c:1963:12:GetASN_Sequence	40	static
../Middlewares/wolfssl/wolfcrypt/src/asn.c:2296:5:GetLength	32	static
../Middlewares/wolfssl/wolfcrypt/src/asn.c:2321:5:GetLength_ex	48	static
../Middlewares/wolfssl/wolfcrypt/src/asn.c:2422:5:GetASNTag	32	static
../Middlewares/wolfssl/wolfcrypt/src/asn.c:2470:12:GetASNHeader_ex	48	static
../Middlewares/wolfssl/wolfcrypt/src/asn.c:2532:5:GetASNHeader	32	static
../Middlewares/wolfssl/wolfcrypt/src/asn.c:2570:5:GetSequence	32	static
../Middlewares/wolfssl/wolfcrypt/src/asn.c:2590:5:GetSequence_ex	32	static
../Middlewares/wolfssl/wolfcrypt/src/asn.c:2613:5:wc_IndexSequenceOf	48	static
../Middlewares/wolfssl/wolfcrypt/src/asn.c:2675:5:GetSet	32	static
../Middlewares/wolfssl/wolfcrypt/src/asn.c:2695:5:GetSet_ex	32	static
../Middlewares/wolfssl/wolfcrypt/src/asn.c:2804:5:GetOctetString	32	static
../Middlewares/wolfssl/wolfcrypt/src/asn.c:2822:5:GetASNInt	40	static
../Middlewares/wolfssl/wolfcrypt/src/asn.c:3024:13:GetSigName	16	static
../Middlewares/wolfssl/wolfcrypt/src/asn.c:3146:5:SetASNInt	32	static
../Middlewares/wolfssl/wolfcrypt/src/asn.c:3248:5:GetMyVersion	80	static
../Middlewares/wolfssl/wolfcrypt/src/asn.c:3305:5:GetShortInt	80	static
../Middlewares/wolfssl/wolfcrypt/src/asn.c:3370:5:SetShortInt	40	static
../Middlewares/wolfssl/wolfcrypt/src/asn.c:3468:5:GetInt	72	static
../Middlewares/wolfssl/wolfcrypt/src/asn.c:3607:5:CheckBitString	80	static
../Middlewares/wolfssl/wolfcrypt/src/asn.c:3713:8:SetBitString	32	static
../Middlewares/wolfssl/wolfcrypt/src/asn.c:5032:13:OidFromId	32	static
../Middlewares/wolfssl/wolfcrypt/src/asn.c:6535:12:CheckCurve	24	static
../Middlewares/wolfssl/wolfcrypt/src/asn.c:6567:5:wc_EncodeObjectId	24	static
../Middlewares/wolfssl/wolfcrypt/src/asn.c:6572:5:EncodeObjectId	56	static
../Middlewares/wolfssl/wolfcrypt/src/asn.c:6659:5:DecodeObjectId	40	static
../Middlewares/wolfssl/wolfcrypt/src/asn.c:6707:5:GetASNObjectId	40	static
../Middlewares/wolfssl/wolfcrypt/src/asn.c:6725:5:SetObjectId	24	static
../Middlewares/wolfssl/wolfcrypt/src/asn.c:6962:8:wc_oid_sum	32	static
../Middlewares/wolfssl/wolfcrypt/src/asn.c:7006:12:GetOID	48	static
../Middlewares/wolfssl/wolfcrypt/src/asn.c:7143:5:GetObjectId	72	static
../Middlewares/wolfssl/wolfcrypt/src/asn.c:7212:12:GetAlgoIdImpl	56	static
../Middlewares/wolfssl/wolfcrypt/src/asn.c:7293:5:GetAlgoId	32	static
../Middlewares/wolfssl/wolfcrypt/src/asn.c:7299:5:GetAlgoIdEx	32	static
../Middlewares/wolfssl/wolfcrypt/src/asn.c:7322:12:RsaPssHashOidToType	24	static
../Middlewares/wolfssl/wolfcrypt/src/asn.c:7365:12:RsaPssHashOidToMgf1	24	static
../Middlewares/wolfssl/wolfcrypt/src/asn.c:7410:12:RsaPssHashOidToSigOid	24	static
../Middlewares/wolfssl/wolfcrypt/src/asn.c:7522:12:DecodeRsaPssParams	72	static
../Middlewares/wolfssl/wolfcrypt/src/asn.c:7696:16:GetRsaInt	16	static
../Middlewares/wolfssl/wolfcrypt/src/asn.c:7771:12:_RsaPrivateKeyDecode	80	static
../Middlewares/wolfssl/wolfcrypt/src/asn.c:7968:5:wc_RsaPrivateKeyDecode	32	static
../Middlewares/wolfssl/wolfcrypt/src/asn.c:7998:5:wc_RsaPrivateKeyValidate	32	static
../Middlewares/wolfssl/wolfcrypt/src/asn.c:8061:5:ToTraditionalInline_ex2	88	static
../Middlewares/wolfssl/wolfcrypt/src/asn.c:8304:5:ToTraditionalInline_ex	32	static
../Middlewares/wolfssl/wolfcrypt/src/asn.c:8312:5:ToTraditionalInline	32	static
../Middlewares/wolfssl/wolfcrypt/src/asn.c:8322:5:ToTraditional_ex	32	static
../Middlewares/wolfssl/wolfcrypt/src/asn.c:8342:5:ToTraditional	24	static
../Middlewares/wolfssl/wolfcrypt/src/asn.c:8353:5:wc_GetPkcs8TraditionalOffset	32	static
../Middlewares/wolfssl/wolfcrypt/src/asn.c:8366:5:wc_CreatePKCS8Key	56	static
../Middlewares/wolfssl/wolfcrypt/src/asn.c:8545:5:wc_CheckPrivateKey	152	static
../Middlewares/wolfssl/wolfcrypt/src/asn.c:8958:5:wc_CheckPrivateKeyCert	56	static
../Middlewares/wolfssl/wolfcrypt/src/asn.c:9033:12:CheckAlgo	32	static
../Middlewares/wolfssl/wolfcrypt/src/asn.c:9138:12:CheckAlgoV2	32	static
../Middlewares/wolfssl/wolfcrypt/src/asn.c:9190:5:wc_GetKeyOID	64	static
../Middlewares/wolfssl/wolfcrypt/src/asn.c:9544:5:UnTraditionalEnc	64	static
../Middlewares/wolfssl/wolfcrypt/src/asn.c:9552:12:GetAlgoV2	32	static
../Middlewares/wolfssl/wolfcrypt/src/asn.c:9599:5:wc_EncryptPKCS8Key_ex	224	static
../Middlewares/wolfssl/wolfcrypt/src/asn.c:9784:5:wc_EncryptPKCS8Key	72	static
../Middlewares/wolfssl/wolfcrypt/src/asn.c:9793:5:wc_DecryptPKCS8Key	40	static
../Middlewares/wolfssl/wolfcrypt/src/asn.c:9835:5:TraditionalEnc_ex	104	static
../Middlewares/wolfssl/wolfcrypt/src/asn.c:9897:5:TraditionalEnc	72	static
../Middlewares/wolfssl/wolfcrypt/src/asn.c:9908:5:wc_CreateEncryptedPKCS8Key	64	static
../Middlewares/wolfssl/wolfcrypt/src/asn.c:9966:5:DecryptContent	200	static
../Middlewares/wolfssl/wolfcrypt/src/asn.c:10246:5:ToTraditionalEnc	32	static
../Middlewares/wolfssl/wolfcrypt/src/asn.c:10318:12:EncryptContentPBES2	128	static
../Middlewares/wolfssl/wolfcrypt/src/asn.c:10535:5:EncryptContent	176	static
../Middlewares/wolfssl/wolfcrypt/src/asn.c:10825:8:wc_PkcsPad	32	static
../Middlewares/wolfssl/wolfcrypt/src/asn.c:11003:5:wc_RsaPublicKeyDecode_ex	80	static
../Middlewares/wolfssl/wolfcrypt/src/asn.c:11198:5:wc_RsaPublicKeyDecode	72	static
../Middlewares/wolfssl/wolfcrypt/src/asn.c:11371:5:wc_DhKeyDecode	56	static
../Middlewares/wolfssl/wolfcrypt/src/asn.c:11820:5:wc_DhParamsLoad	56	static
../Middlewares/wolfssl/wolfcrypt/src/asn.c:11888:16:GetDsaInt	16	static
../Middlewares/wolfssl/wolfcrypt/src/asn.c:11989:5:wc_DsaPublicKeyDecode	64	static
../Middlewares/wolfssl/wolfcrypt/src/asn.c:12091:5:wc_DsaParamsDecode	32	static
../Middlewares/wolfssl/wolfcrypt/src/asn.c:12155:5:wc_DsaPrivateKeyDecode	72	static
../Middlewares/wolfssl/wolfcrypt/src/asn.c:12315:5:wc_SetDsaPublicKey	64	static
../Middlewares/wolfssl/wolfcrypt/src/asn.c:12540:5:wc_DsaKeyToPublicDer	24	static
../Middlewares/wolfssl/wolfcrypt/src/asn.c:12546:12:DsaKeyIntsToDer	56	static
../Middlewares/wolfssl/wolfcrypt/src/asn.c:12691:5:wc_DsaKeyToDer	32	static
../Middlewares/wolfssl/wolfcrypt/src/asn.c:12705:5:wc_DsaKeyToParamsDer	32	static
../Middlewares/wolfssl/wolfcrypt/src/asn.c:12716:5:wc_DsaKeyToParamsDer_ex	32	static
../Middlewares/wolfssl/wolfcrypt/src/asn.c:12734:6:InitDecodedCert	32	static
../Middlewares/wolfssl/wolfcrypt/src/asn.c:12749:6:InitDecodedCert_ex	24	static
../Middlewares/wolfssl/wolfcrypt/src/asn.c:12789:6:wc_InitDecodedCert	24	static
../Middlewares/wolfssl/wolfcrypt/src/asn.c:12802:6:FreeAltNames	32	static
../Middlewares/wolfssl/wolfcrypt/src/asn.c:12822:12:AltNameNew	24	static
../Middlewares/wolfssl/wolfcrypt/src/asn.c:12833:12:AltNameDup	24	static
../Middlewares/wolfssl/wolfcrypt/src/asn.c:12884:6:FreeNameSubtrees	32	static
../Middlewares/wolfssl/wolfcrypt/src/asn.c:12903:6:FreeDecodedCert	24	static
../Middlewares/wolfssl/wolfcrypt/src/asn.c:12942:6:wc_FreeDecodedCert	16	static
../Middlewares/wolfssl/wolfcrypt/src/asn.c:12990:12:StoreKey	48	static
../Middlewares/wolfssl/wolfcrypt/src/asn.c:13027:12:SetCurve	40	static
../Middlewares/wolfssl/wolfcrypt/src/asn.c:13127:12:SetEccPublicKey	64	static
../Middlewares/wolfssl/wolfcrypt/src/asn.c:13318:5:wc_EccPublicKeyToDer	32	static
../Middlewares/wolfssl/wolfcrypt/src/asn.c:13324:5:wc_EccPublicKeyToDer_ex	32	static
../Middlewares/wolfssl/wolfcrypt/src/asn.c:13330:5:wc_EccPublicKeyDerSize	24	static
../Middlewares/wolfssl/wolfcrypt/src/asn.c:13384:5:SetAsymKeyDerPublic	48	static
../Middlewares/wolfssl/wolfcrypt/src/asn.c:13502:5:wc_Ed25519PublicKeyToDer	72	static
../Middlewares/wolfssl/wolfcrypt/src/asn.c:13589:12:StoreRsaKey	104	static
../Middlewares/wolfssl/wolfcrypt/src/asn.c:13705:12:StoreEccKey	56	static
../Middlewares/wolfssl/wolfcrypt/src/asn.c:13883:12:ParseDsaKey	56	static
../Middlewares/wolfssl/wolfcrypt/src/asn.c:13951:12:GetCertKey	96	static
../Middlewares/wolfssl/wolfcrypt/src/asn.c:14141:5:HashIdAlg	16	static
../Middlewares/wolfssl/wolfcrypt/src/asn.c:14168:5:CalcHashId	24	static
../Middlewares/wolfssl/wolfcrypt/src/asn.c:14188:5:CalcHashId_ex	32	static
../Middlewares/wolfssl/wolfcrypt/src/asn.c:14234:5:GetHashId	32	static
../Middlewares/wolfssl/wolfcrypt/src/asn.c:14902:12:AddDNSEntryToList	24	static
../Middlewares/wolfssl/wolfcrypt/src/asn.c:14939:12:SetDNSEntry	40	static
../Middlewares/wolfssl/wolfcrypt/src/asn.c:15000:12:SetSubject	32	static
../Middlewares/wolfssl/wolfcrypt/src/asn.c:15092:12:GetRDN	72	static
../Middlewares/wolfssl/wolfcrypt/src/asn.c:15267:12:GetCertName	96	static
../Middlewares/wolfssl/wolfcrypt/src/asn.c:16141:5:GetName	112	static
../Middlewares/wolfssl/wolfcrypt/src/asn.c:16231:22:GetTime	32	static
../Middlewares/wolfssl/wolfcrypt/src/asn.c:16270:5:ExtractDate	24	static
../Middlewares/wolfssl/wolfcrypt/src/asn.c:16341:5:GetTimeString	96	static
../Middlewares/wolfssl/wolfcrypt/src/asn.c:16389:12:ValidateGmtime	24	static
../Middlewares/wolfssl/wolfcrypt/src/asn.c:16412:5:GetAsnTimeString	48	static
../Middlewares/wolfssl/wolfcrypt/src/asn.c:16462:5:GetFormattedTime	88	static
../Middlewares/wolfssl/wolfcrypt/src/asn.c:16536:5:DateGreaterThan	16	static
../Middlewares/wolfssl/wolfcrypt/src/asn.c:16566:22:DateLessThan	16	static
../Middlewares/wolfssl/wolfcrypt/src/asn.c:16576:5:wc_ValidateDate	112	static
../Middlewares/wolfssl/wolfcrypt/src/asn.c:16663:5:wc_GetTime	24	static
../Middlewares/wolfssl/wolfcrypt/src/asn.c:16689:5:wc_SetTimeCb	16	static
../Middlewares/wolfssl/wolfcrypt/src/asn.c:16695:8:wc_Time	16	static
../Middlewares/wolfssl/wolfcrypt/src/asn.c:16738:12:GetDateInfo	104	static
../Middlewares/wolfssl/wolfcrypt/src/asn.c:16881:5:wc_GetDateInfo	40	static
../Middlewares/wolfssl/wolfcrypt/src/asn.c:16893:5:wc_GetDateAsCalendarTime	32	static
../Middlewares/wolfssl/wolfcrypt/src/asn.c:17046:5:wc_GetPubX509	40	static
../Middlewares/wolfssl/wolfcrypt/src/asn.c:17115:5:DecodeToKey	32	static
../Middlewares/wolfssl/wolfcrypt/src/asn.c:17226:8:SetLength	24	static
../Middlewares/wolfssl/wolfcrypt/src/asn.c:17266:8:SetLengthEx	24	static
../Middlewares/wolfssl/wolfcrypt/src/asn.c:17285:8:SetHeader	24	static
../Middlewares/wolfssl/wolfcrypt/src/asn.c:17302:8:SetSequence	16	static
../Middlewares/wolfssl/wolfcrypt/src/asn.c:17307:8:SetSequenceEx	24	static
../Middlewares/wolfssl/wolfcrypt/src/asn.c:17318:8:SetOctetString	16	static
../Middlewares/wolfssl/wolfcrypt/src/asn.c:17323:8:SetOctetStringEx	24	static
../Middlewares/wolfssl/wolfcrypt/src/asn.c:17336:8:SetSet	16	static
../Middlewares/wolfssl/wolfcrypt/src/asn.c:17351:8:SetImplicit	32	static
../Middlewares/wolfssl/wolfcrypt/src/asn.c:17379:8:SetExplicit	24	static
../Middlewares/wolfssl/wolfcrypt/src/asn.c:17392:8:SetOthername	40	static
../Middlewares/wolfssl/wolfcrypt/src/asn.c:17444:22:IsSigAlgoECDSA	16	static
../Middlewares/wolfssl/wolfcrypt/src/asn.c:17463:22:IsSigAlgoECC	16	static
../Middlewares/wolfssl/wolfcrypt/src/asn.c:17522:15:SetAlgoIDImpl	64	static
../Middlewares/wolfssl/wolfcrypt/src/asn.c:17648:8:SetAlgoID	32	static
../Middlewares/wolfssl/wolfcrypt/src/asn.c:17653:8:SetAlgoIDEx	32	static
../Middlewares/wolfssl/wolfcrypt/src/asn.c:17693:8:wc_EncodeSignature	112	static
../Middlewares/wolfssl/wolfcrypt/src/asn.c:17751:5:wc_GetCTC_HashOID	24	static
../Middlewares/wolfssl/wolfcrypt/src/asn.c:17773:6:InitSignatureCtx	24	static
../Middlewares/wolfssl/wolfcrypt/src/asn.c:17786:6:FreeSignatureCtx	48	static
../Middlewares/wolfssl/wolfcrypt/src/asn.c:17920:12:HashForSignature	40	static
../Middlewares/wolfssl/wolfcrypt/src/asn.c:18110:12:DecodeDsaAsn1Sig	64	static
../Middlewares/wolfssl/wolfcrypt/src/asn.c:18171:5:ConfirmSignature	120	static
../Middlewares/wolfssl/wolfcrypt/src/asn.c:19272:12:MatchBaseName	40	static
../Middlewares/wolfssl/wolfcrypt/src/asn.c:19354:12:PermittedListOk	56	static
../Middlewares/wolfssl/wolfcrypt/src/asn.c:19388:12:IsInExcludedList	48	static
../Middlewares/wolfssl/wolfcrypt/src/asn.c:19409:12:ConfirmNameConstraints	48	static
../Middlewares/wolfssl/wolfcrypt/src/asn.c:19727:12:DecodeGeneralName	56	static
../Middlewares/wolfssl/wolfcrypt/src/asn.c:20074:12:DecodeAltNames	88	static
../Middlewares/wolfssl/wolfcrypt/src/asn.c:20579:5:DecodeBasicCaConstraint	64	static
../Middlewares/wolfssl/wolfcrypt/src/asn.c:20701:12:DecodeBasicCaConstraintInternal	48	static
../Middlewares/wolfssl/wolfcrypt/src/asn.c:20723:12:DecodePolicyConstraints	48	static
../Middlewares/wolfssl/wolfcrypt/src/asn.c:20838:12:DecodeCrlDist	64	static
../Middlewares/wolfssl/wolfcrypt/src/asn.c:21024:12:DecodeAuthInfo	144	static
../Middlewares/wolfssl/wolfcrypt/src/asn.c:21177:5:DecodeAuthKeyId	88	static
../Middlewares/wolfssl/wolfcrypt/src/asn.c:21315:12:DecodeAuthKeyIdInternal	88	static
../Middlewares/wolfssl/wolfcrypt/src/asn.c:21400:5:DecodeSubjKeyId	40	static
../Middlewares/wolfssl/wolfcrypt/src/asn.c:21430:12:DecodeSubjKeyIdInternal	56	static
../Middlewares/wolfssl/wolfcrypt/src/asn.c:21482:5:DecodeKeyUsage	88	static
../Middlewares/wolfssl/wolfcrypt/src/asn.c:21540:12:DecodeKeyUsageInternal	24	static
../Middlewares/wolfssl/wolfcrypt/src/asn.c:21578:5:DecodeExtKeyUsage	80	static
../Middlewares/wolfssl/wolfcrypt/src/asn.c:21764:12:DecodeExtKeyUsageInternal	56	static
../Middlewares/wolfssl/wolfcrypt/src/asn.c:21793:12:DecodeNsCertType	40	static
../Middlewares/wolfssl/wolfcrypt/src/asn.c:21852:12:DecodeSubtreeGeneralName	56	static
../Middlewares/wolfssl/wolfcrypt/src/asn.c:21922:12:DecodeSubtree	72	static
../Middlewares/wolfssl/wolfcrypt/src/asn.c:22093:12:DecodeNameConstraints	56	static
../Middlewares/wolfssl/wolfcrypt/src/asn.c:22180:5:DecodePolicyOID	48	static
../Middlewares/wolfssl/wolfcrypt/src/asn.c:22253:12:DecodeCertPolicy	152	static
../Middlewares/wolfssl/wolfcrypt/src/asn.c:22731:12:DecodeSubjAltPubKeyInfo	56	static
../Middlewares/wolfssl/wolfcrypt/src/asn.c:22793:12:DecodeAltSigAlg	56	static
../Middlewares/wolfssl/wolfcrypt/src/asn.c:22828:12:DecodeAltSigVal	48	static
../Middlewares/wolfssl/wolfcrypt/src/asn.c:22900:5:DecodeExtensionType	32	static
../Middlewares/wolfssl/wolfcrypt/src/asn.c:23181:5:wc_SetUnknownExtCallback	16	static
../Middlewares/wolfssl/wolfcrypt/src/asn.c:23191:5:wc_SetUnknownExtCallbackEx	24	static
../Middlewares/wolfssl/wolfcrypt/src/asn.c:23207:12:DecodeCertExtensions	224	static
../Middlewares/wolfssl/wolfcrypt/src/asn.c:23576:12:CheckDate	24	static
../Middlewares/wolfssl/wolfcrypt/src/asn.c:23636:12:DecodeCertInternal	120	static
../Middlewares/wolfssl/wolfcrypt/src/asn.c:24001:5:DecodeCert	32	static
../Middlewares/wolfssl/wolfcrypt/src/asn.c:24368:5:ParseCert	40	static
../Middlewares/wolfssl/wolfcrypt/src/asn.c:24416:5:wc_ParseCert	24	static
../Middlewares/wolfssl/wolfcrypt/src/asn.c:24492:12:GetAKIHash	80	static
../Middlewares/wolfssl/wolfcrypt/src/asn.c:24565:12:CheckCertSignature_ex	160	static
../Middlewares/wolfssl/wolfcrypt/src/asn.c:25116:5:CheckCertSignaturePubKey	40	static
../Middlewares/wolfssl/wolfcrypt/src/asn.c:25124:5:wc_CheckCertSigPubKey	32	static
../Middlewares/wolfssl/wolfcrypt/src/asn.c:25141:5:wc_CheckCertSignature	40	static
../Middlewares/wolfssl/wolfcrypt/src/asn.c:25176:5:wc_CertGetPubKey	48	static
../Middlewares/wolfssl/wolfcrypt/src/asn.c:25268:5:wc_GetSubjectPubKeyInfoDerFromCert	56	static
../Middlewares/wolfssl/wolfcrypt/src/asn.c:25343:9:findSignerByName	24	static
../Middlewares/wolfssl/wolfcrypt/src/asn.c:25354:5:ParseCertRelative	104	static
../Middlewares/wolfssl/wolfcrypt/src/asn.c:26019:5:FillSigner	32	static
../Middlewares/wolfssl/wolfcrypt/src/asn.c:26103:9:MakeSigner	24	static
../Middlewares/wolfssl/wolfcrypt/src/asn.c:26124:6:FreeSigner	32	static
../Middlewares/wolfssl/wolfcrypt/src/asn.c:26155:6:FreeSignerTable	40	static
../Middlewares/wolfssl/wolfcrypt/src/asn.c:26170:6:FreeSignerTableType	40	static
../Middlewares/wolfssl/wolfcrypt/src/asn.c:26296:5:SetMyVersion	32	static
../Middlewares/wolfssl/wolfcrypt/src/asn.c:26356:5:AllocDer	40	static
../Middlewares/wolfssl/wolfcrypt/src/asn.c:26395:5:AllocCopyDer	32	static
../Middlewares/wolfssl/wolfcrypt/src/asn.c:26406:6:FreeDer	24	static
../Middlewares/wolfssl/wolfcrypt/src/asn.c:26424:5:wc_AllocDer	24	static
../Middlewares/wolfssl/wolfcrypt/src/asn.c:26428:6:wc_FreeDer	16	static
../Middlewares/wolfssl/wolfcrypt/src/asn.c:26540:30:SkipEndOfLineChars	16	static
../Middlewares/wolfssl/wolfcrypt/src/asn.c:26552:5:wc_PemGetHeaderFooter	32	static
../Middlewares/wolfssl/wolfcrypt/src/asn.c:26790:5:wc_EncryptedInfoGet	24	static
../Middlewares/wolfssl/wolfcrypt/src/asn.c:26851:5:wc_EncryptedInfoParse	64	static
../Middlewares/wolfssl/wolfcrypt/src/asn.c:26961:12:wc_EncryptedInfoAppend	40	static
../Middlewares/wolfssl/wolfcrypt/src/asn.c:26988:5:wc_DerToPem	32	static
../Middlewares/wolfssl/wolfcrypt/src/asn.c:26996:5:wc_DerToPemEx	112	static
../Middlewares/wolfssl/wolfcrypt/src/asn.c:27116:5:PemToDer	280	static
../Middlewares/wolfssl/wolfcrypt/src/asn.c:27567:5:wc_PemToDer	48	static
../Middlewares/wolfssl/wolfcrypt/src/asn.c:27587:12:KeyPemToDerPassCb	32	static
../Middlewares/wolfssl/wolfcrypt/src/asn.c:27600:5:wc_KeyPemToDer	56	static
../Middlewares/wolfssl/wolfcrypt/src/asn.c:27651:5:wc_CertPemToDer	48	static
../Middlewares/wolfssl/wolfcrypt/src/asn.c:27698:5:wc_PubKeyPemToDer	48	static
../Middlewares/wolfssl/wolfcrypt/src/asn.c:27937:5:wc_GetPubKeyDerFromCert	32	static
../Middlewares/wolfssl/wolfcrypt/src/asn.c:28088:12:SetRsaPublicKey	56	static
../Middlewares/wolfssl/wolfcrypt/src/asn.c:28220:5:wc_RsaPublicKeyDerSize	16	static
../Middlewares/wolfssl/wolfcrypt/src/asn.c:28237:5:wc_RsaKeyToPublicDer	24	static
../Middlewares/wolfssl/wolfcrypt/src/asn.c:28244:5:wc_RsaKeyToPublicDer_ex	24	static
../Middlewares/wolfssl/wolfcrypt/src/asn.c:28266:5:wc_RsaKeyToDer	56	static
../Middlewares/wolfssl/wolfcrypt/src/asn.c:28435:5:wc_InitCert_ex	32	static
../Middlewares/wolfssl/wolfcrypt/src/asn.c:28518:5:wc_InitCert	16	static
../Middlewares/wolfssl/wolfcrypt/src/asn.c:28524:7:wc_CertNew	24	static
../Middlewares/wolfssl/wolfcrypt/src/asn.c:28541:7:wc_CertFree	24	static
../Middlewares/wolfssl/wolfcrypt/src/asn.c:28648:6:wc_SetCert_Free	24	static
../Middlewares/wolfssl/wolfcrypt/src/asn.c:28661:12:wc_SetCert_LoadDer	40	static
../Middlewares/wolfssl/wolfcrypt/src/asn.c:28701:23:itob	16	static
../Middlewares/wolfssl/wolfcrypt/src/asn.c:28708:13:SetTime	32	static
../Middlewares/wolfssl/wolfcrypt/src/asn.c:28795:6:GetCertNameId	16	static
../Middlewares/wolfssl/wolfcrypt/src/asn.c:28803:13:GetOneCertName	24	static
../Middlewares/wolfssl/wolfcrypt/src/asn.c:28856:13:GetNameType	24	static
../Middlewares/wolfssl/wolfcrypt/src/asn.c:29239:12:SetExtKeyUsage	64	static
../Middlewares/wolfssl/wolfcrypt/src/asn.c:29510:12:SetCertificatePolicies	136	static
../Middlewares/wolfssl/wolfcrypt/src/asn.c:29739:12:EncodeName	80	static
../Middlewares/wolfssl/wolfcrypt/src/asn.c:30048:5:wc_EncodeNameCanonical	32	static
../Middlewares/wolfssl/wolfcrypt/src/asn.c:30060:5:ParseKeyUsageStr	56	static
../Middlewares/wolfssl/wolfcrypt/src/asn.c:30123:5:ParseExtKeyUsageStr	56	static
../Middlewares/wolfssl/wolfcrypt/src/asn.c:30191:5:wc_EncodeName	32	static
../Middlewares/wolfssl/wolfcrypt/src/asn.c:30199:13:SetRdnItems	32	static
../Middlewares/wolfssl/wolfcrypt/src/asn.c:30209:12:FindMultiAttrib	32	static
../Middlewares/wolfssl/wolfcrypt/src/asn.c:30238:12:SetNameRdnItems	152	static
../Middlewares/wolfssl/wolfcrypt/src/asn.c:30364:5:SetNameEx	56	static
../Middlewares/wolfssl/wolfcrypt/src/asn.c:30535:5:SetName	24	static
../Middlewares/wolfssl/wolfcrypt/src/asn.c:30541:12:EncodePublicKey	40	static
../Middlewares/wolfssl/wolfcrypt/src/asn.c:30785:12:EncodeExtensions	152	static
../Middlewares/wolfssl/wolfcrypt/src/asn.c:31309:12:SetValidity	152	static
../Middlewares/wolfssl/wolfcrypt/src/asn.c:31911:12:MakeSignature	80	static
../Middlewares/wolfssl/wolfcrypt/src/asn.c:32110:12:GenerateInteger	32	static
../Middlewares/wolfssl/wolfcrypt/src/asn.c:32166:5:AddSignature	56	static
../Middlewares/wolfssl/wolfcrypt/src/asn.c:32255:12:MakeAnyCert	120	static
../Middlewares/wolfssl/wolfcrypt/src/asn.c:32709:5:wc_MakeCert_ex	88	static
../Middlewares/wolfssl/wolfcrypt/src/asn.c:32769:5:wc_MakeCert	56	static
../Middlewares/wolfssl/wolfcrypt/src/asn.c:33795:12:SignCert	112	static
../Middlewares/wolfssl/wolfcrypt/src/asn.c:33885:5:wc_MakeSigWithBitStr	144	static
../Middlewares/wolfssl/wolfcrypt/src/asn.c:34032:5:wc_SignCert_ex	88	static
../Middlewares/wolfssl/wolfcrypt/src/asn.c:34086:5:wc_SignCert	56	static
../Middlewares/wolfssl/wolfcrypt/src/asn.c:34095:5:wc_MakeSelfCert	48	static
../Middlewares/wolfssl/wolfcrypt/src/asn.c:34114:5:wc_GetSubjectRaw	24	static
../Middlewares/wolfssl/wolfcrypt/src/asn.c:34125:12:SetKeyIdFromPublicKey	64	static
../Middlewares/wolfssl/wolfcrypt/src/asn.c:34218:5:wc_SetSubjectKeyIdFromPublicKey_ex	80	static
../Middlewares/wolfssl/wolfcrypt/src/asn.c:34273:5:wc_SetSubjectKeyIdFromPublicKey	48	static
../Middlewares/wolfssl/wolfcrypt/src/asn.c:34279:5:wc_SetAuthKeyIdFromPublicKey_ex	80	static
../Middlewares/wolfssl/wolfcrypt/src/asn.c:34334:5:wc_SetAuthKeyIdFromPublicKey	48	static
../Middlewares/wolfssl/wolfcrypt/src/asn.c:34447:12:SetAuthKeyIdFromDcert	24	static
../Middlewares/wolfssl/wolfcrypt/src/asn.c:34476:5:wc_SetAuthKeyIdFromCert	32	static
../Middlewares/wolfssl/wolfcrypt/src/asn.c:34526:5:wc_SetKeyUsage	24	static
../Middlewares/wolfssl/wolfcrypt/src/asn.c:34541:5:wc_SetExtKeyUsage	24	static
../Middlewares/wolfssl/wolfcrypt/src/asn.c:34564:5:wc_SetExtKeyUsageOID	64	static
../Middlewares/wolfssl/wolfcrypt/src/asn.c:34592:5:wc_SetCustomExtension	72	static
../Middlewares/wolfssl/wolfcrypt/src/asn.c:34710:13:SetNameFromDcert	24	static
../Middlewares/wolfssl/wolfcrypt/src/asn.c:34944:5:wc_SetIssuerBuffer	32	static
../Middlewares/wolfssl/wolfcrypt/src/asn.c:34973:5:wc_SetSubjectBuffer	32	static
../Middlewares/wolfssl/wolfcrypt/src/asn.c:35000:5:wc_SetSubjectRaw	32	static
../Middlewares/wolfssl/wolfcrypt/src/asn.c:35034:5:wc_SetIssuerRaw	32	static
../Middlewares/wolfssl/wolfcrypt/src/asn.c:35130:5:EncodePolicyOID	120	static
../Middlewares/wolfssl/wolfcrypt/src/asn.c:35312:5:StoreECC_DSA_Sig	96	static
../Middlewares/wolfssl/wolfcrypt/src/asn.c:35413:5:StoreECC_DSA_Sig_Bin	96	static
../Middlewares/wolfssl/wolfcrypt/src/asn.c:35495:5:DecodeECC_DSA_Sig_Bin	128	static
../Middlewares/wolfssl/wolfcrypt/src/asn.c:35572:5:DecodeECC_DSA_Sig	32	static
../Middlewares/wolfssl/wolfcrypt/src/asn.c:35577:5:DecodeECC_DSA_Sig_Ex	136	static
../Middlewares/wolfssl/wolfcrypt/src/asn.c:35993:5:wc_EccPrivateKeyDecode	80	static
../Middlewares/wolfssl/wolfcrypt/src/asn.c:36273:5:wc_EccPublicKeyDecode	64	static
../Middlewares/wolfssl/wolfcrypt/src/asn.c:36636:5:wc_BuildEccKeyDer	64	static
../Middlewares/wolfssl/wolfcrypt/src/asn.c:36927:5:wc_EccKeyToDer	32	static
../Middlewares/wolfssl/wolfcrypt/src/asn.c:36934:5:wc_EccKeyDerSize	32	static
../Middlewares/wolfssl/wolfcrypt/src/asn.c:36946:5:wc_EccPrivateKeyToDer	40	static
../Middlewares/wolfssl/wolfcrypt/src/asn.c:36964:12:eccToPKCS8	96	static
../Middlewares/wolfssl/wolfcrypt/src/asn.c:37052:5:wc_EccPrivateKeyToPKCS8	24	static
../Middlewares/wolfssl/wolfcrypt/src/asn.c:37060:5:wc_EccKeyToPKCS8	24	static
../Middlewares/wolfssl/wolfcrypt/src/asn.c:37123:5:DecodeAsymKey_Assign	72	static
../Middlewares/wolfssl/wolfcrypt/src/asn.c:37318:5:DecodeAsymKey	72	static
../Middlewares/wolfssl/wolfcrypt/src/asn.c:37356:5:DecodeAsymKeyPublic_Assign	64	static
../Middlewares/wolfssl/wolfcrypt/src/asn.c:37455:5:DecodeAsymKeyPublic	48	static
../Middlewares/wolfssl/wolfcrypt/src/asn.c:37484:5:wc_Ed25519PrivateKeyDecode	160	static
../Middlewares/wolfssl/wolfcrypt/src/asn.c:37510:5:wc_Ed25519PublicKeyDecode	112	static
../Middlewares/wolfssl/wolfcrypt/src/asn.c:37534:5:wc_Curve25519PrivateKeyDecode	80	static
../Middlewares/wolfssl/wolfcrypt/src/asn.c:37553:5:wc_Curve25519PublicKeyDecode	72	static
../Middlewares/wolfssl/wolfcrypt/src/asn.c:37578:5:wc_Curve25519KeyDecode	128	static
../Middlewares/wolfssl/wolfcrypt/src/asn.c:37643:5:SetAsymKeyDer	56	static
../Middlewares/wolfssl/wolfcrypt/src/asn.c:37775:5:wc_Ed25519KeyToDer	40	static
../Middlewares/wolfssl/wolfcrypt/src/asn.c:37786:5:wc_Ed25519PrivateKeyToDer	40	static
../Middlewares/wolfssl/wolfcrypt/src/asn.c:37799:5:wc_Curve25519PrivateKeyToDer	80	static
../Middlewares/wolfssl/wolfcrypt/src/asn.c:37820:5:wc_Curve25519PublicKeyToDer	72	static
../Middlewares/wolfssl/wolfcrypt/src/asn.c:37842:5:wc_Curve25519KeyToDer	128	static
../Middlewares/wolfssl/wolfcrypt/src/asn.c:40102:5:GetNameHash	32	static
../Middlewares/wolfssl/wolfcrypt/src/asn.c:40109:5:GetNameHash_ex	112	static
../Middlewares/wolfssl/wolfcrypt/src/asn.c:42680:5:wc_RsaPublicKeyDecodeRaw	24	static
