/home/mika/Schreibtisch/STM32CubeN6/Projects/STM32N6570-DK/Applications/NetXDuo/Nx_MQTT_Client/STM32CubeIDE/Middlewares/wolfssl/wolfcrypt/src/misc.c:109:37:rotlFixed	16	static
/home/mika/Schreibtisch/STM32CubeN6/Projects/STM32N6570-DK/Applications/NetXDuo/Nx_MQTT_Client/STM32CubeIDE/Middlewares/wolfssl/wolfcrypt/src/misc.c:115:37:rotrFixed	16	static
/home/mika/Schreibtisch/STM32CubeN6/Projects/STM32N6570-DK/Applications/NetXDuo/Nx_MQTT_Client/STM32CubeIDE/Middlewares/wolfssl/wolfcrypt/src/misc.c:139:33:ByteReverseWord32	16	static
/home/mika/Schreibtisch/STM32CubeN6/Projects/STM32N6570-DK/Applications/NetXDuo/Nx_MQTT_Client/STM32CubeIDE/Middlewares/wolfssl/wolfcrypt/src/misc.c:501:31:XorWords	32	static
/home/mika/Schreibtisch/STM32CubeN6/Projects/STM32N6570-DK/Applications/NetXDuo/Nx_MQTT_Client/STM32CubeIDE/Middlewares/wolfssl/wolfcrypt/src/misc.c:513:31:xorbuf	40	static
../Middlewares/wolfssl/wolfcrypt/src/des3.c:1474:27:IPERM	24	static
../Middlewares/wolfssl/wolfcrypt/src/des3.c:1500:27:FPERM	24	static
../Middlewares/wolfssl/wolfcrypt/src/des3.c:1527:16:DesSetKey	64	static
../Middlewares/wolfssl/wolfcrypt/src/des3.c:1600:9:wc_Des_SetKey	24	static
../Middlewares/wolfssl/wolfcrypt/src/des3.c:1607:9:wc_Des3_SetKey	32	static
../Middlewares/wolfssl/wolfcrypt/src/des3.c:1644:17:DesRawProcessBlock	40	static
../Middlewares/wolfssl/wolfcrypt/src/des3.c:1676:17:DesProcessBlock	32	static
../Middlewares/wolfssl/wolfcrypt/src/des3.c:1699:17:Des3ProcessBlock	32	static
../Middlewares/wolfssl/wolfcrypt/src/des3.c:1724:9:wc_Des_CbcEncrypt	32	static
../Middlewares/wolfssl/wolfcrypt/src/des3.c:1743:9:wc_Des_CbcDecrypt	32	static
../Middlewares/wolfssl/wolfcrypt/src/des3.c:1763:9:wc_Des3_CbcEncrypt	32	static
../Middlewares/wolfssl/wolfcrypt/src/des3.c:1814:9:wc_Des3_CbcDecrypt	32	static
../Middlewares/wolfssl/wolfcrypt/src/des3.c:1905:6:wc_Des_SetIV	16	static
../Middlewares/wolfssl/wolfcrypt/src/des3.c:1917:5:wc_Des3_SetIV	16	static
../Middlewares/wolfssl/wolfcrypt/src/des3.c:1936:5:wc_Des3Init	32	static
../Middlewares/wolfssl/wolfcrypt/src/des3.c:1964:6:wc_Des3Free	16	static
