../Middlewares/wolfssl/wolfcrypt/src/ge_operations.c:106:6:sc_reduce	2192	static
../Middlewares/wolfssl/wolfcrypt/src/ge_operations.c:309:6:sc_muladd	7152	static
../Middlewares/wolfssl/wolfcrypt/src/ge_operations.c:914:5:ge_compress_key	256	static
../Middlewares/wolfssl/wolfcrypt/src/ge_operations.c:942:23:ge_add	64	static
../Middlewares/wolfssl/wolfcrypt/src/ge_operations.c:962:22:equal	24	static
../Middlewares/wolfssl/wolfcrypt/src/ge_operations.c:972:22:negative	16	static
../Middlewares/wolfssl/wolfcrypt/src/ge_operations.c:979:23:cmov	24	static
../Middlewares/wolfssl/wolfcrypt/src/ge_operations.c:9070:13:ge_select	152	static
../Middlewares/wolfssl/wolfcrypt/src/ge_operations.c:9103:6:ge_scalarmult_base	488	static
../Middlewares/wolfssl/wolfcrypt/src/ge_operations.c:9174:13:slide	32	static
../Middlewares/wolfssl/wolfcrypt/src/ge_operations.c:9388:5:ge_double_scalarmult_vartime	80	static
../Middlewares/wolfssl/wolfcrypt/src/ge_operations.c:9532:5:ge_frombytes_negate_vartime	216	static
../Middlewares/wolfssl/wolfcrypt/src/ge_operations.c:9581:23:ge_madd	64	static
../Middlewares/wolfssl/wolfcrypt/src/ge_operations.c:9605:23:ge_msub	64	static
../Middlewares/wolfssl/wolfcrypt/src/ge_operations.c:9628:13:ge_p1p1_to_p2	16	static
../Middlewares/wolfssl/wolfcrypt/src/ge_operations.c:9644:23:ge_p1p1_to_p3	16	static
../Middlewares/wolfssl/wolfcrypt/src/ge_operations.c:9656:13:ge_p2_0	16	static
../Middlewares/wolfssl/wolfcrypt/src/ge_operations.c:9671:23:ge_p2_dbl	56	static
../Middlewares/wolfssl/wolfcrypt/src/ge_operations.c:9694:13:ge_p3_dbl	136	static
../Middlewares/wolfssl/wolfcrypt/src/ge_operations.c:9730:23:ge_p3_to_cached	16	static
../Middlewares/wolfssl/wolfcrypt/src/ge_operations.c:9745:13:ge_p3_to_p2	16	static
../Middlewares/wolfssl/wolfcrypt/src/ge_operations.c:9774:13:ge_precomp_0	16	static
../Middlewares/wolfssl/wolfcrypt/src/ge_operations.c:9790:23:ge_sub	64	static
../Middlewares/wolfssl/wolfcrypt/src/ge_operations.c:9808:6:ge_tobytes	136	static
