../Middlewares/wolfssl/wolfcrypt/src/hash.c:42:18:wc_HashTypeConvert	24	static
../Middlewares/wolfssl/wolfcrypt/src/hash.c:119:5:wc_HashGetOID	24	static
../Middlewares/wolfssl/wolfcrypt/src/hash.c:222:18:wc_OidGetHash	24	static
../Middlewares/wolfssl/wolfcrypt/src/hash.c:291:5:wc_HashGetDigestSize	24	static
../Middlewares/wolfssl/wolfcrypt/src/hash.c:410:5:wc_HashGetBlockSize	24	static
../Middlewares/wolfssl/wolfcrypt/src/hash.c:528:5:wc_Hash_ex	40	static
../Middlewares/wolfssl/wolfcrypt/src/hash.c:655:5:wc_Hash	40	static
../Middlewares/wolfssl/wolfcrypt/src/hash.c:663:13:wc_HashNew	40	static
../Middlewares/wolfssl/wolfcrypt/src/hash.c:686:5:wc_HashDelete	24	static
../Middlewares/wolfssl/wolfcrypt/src/hash.c:700:5:wc_HashInit_ex	32	static
../Middlewares/wolfssl/wolfcrypt/src/hash.c:814:5:wc_HashInit	16	static
../Middlewares/wolfssl/wolfcrypt/src/hash.c:819:5:wc_HashUpdate	32	static
../Middlewares/wolfssl/wolfcrypt/src/hash.c:930:5:wc_HashFinal	32	static
../Middlewares/wolfssl/wolfcrypt/src/hash.c:1040:5:wc_HashFree	24	static
../Middlewares/wolfssl/wolfcrypt/src/hash.c:1328:9:wc_Md5Hash_ex	40	static
../Middlewares/wolfssl/wolfcrypt/src/hash.c:1354:9:wc_Md5Hash	40	static
../Middlewares/wolfssl/wolfcrypt/src/hash.c:1368:9:wc_ShaHash_ex	40	static
../Middlewares/wolfssl/wolfcrypt/src/hash.c:1394:9:wc_ShaHash	40	static
../Middlewares/wolfssl/wolfcrypt/src/hash.c:1448:9:wc_Sha256Hash_ex	40	static
../Middlewares/wolfssl/wolfcrypt/src/hash.c:1485:9:wc_Sha256Hash	40	static
../Middlewares/wolfssl/wolfcrypt/src/hash.c:1502:9:wc_Sha512Hash_ex	40	static
../Middlewares/wolfssl/wolfcrypt/src/hash.c:1528:9:wc_Sha512Hash	40	static
../Middlewares/wolfssl/wolfcrypt/src/hash.c:1541:9:wc_Sha512_224Hash_ex	40	static
../Middlewares/wolfssl/wolfcrypt/src/hash.c:1567:9:wc_Sha512_224Hash	40	static
../Middlewares/wolfssl/wolfcrypt/src/hash.c:1583:9:wc_Sha512_256Hash_ex	40	static
../Middlewares/wolfssl/wolfcrypt/src/hash.c:1609:9:wc_Sha512_256Hash	40	static
../Middlewares/wolfssl/wolfcrypt/src/hash.c:1626:9:wc_Sha384Hash_ex	40	static
../Middlewares/wolfssl/wolfcrypt/src/hash.c:1652:9:wc_Sha384Hash	40	static
../Middlewares/wolfssl/wolfcrypt/src/hash.c:1667:9:wc_Sha3_224Hash_ex	40	static
../Middlewares/wolfssl/wolfcrypt/src/hash.c:1693:9:wc_Sha3_224Hash	40	static
../Middlewares/wolfssl/wolfcrypt/src/hash.c:1707:9:wc_Sha3_256Hash_ex	40	static
../Middlewares/wolfssl/wolfcrypt/src/hash.c:1733:9:wc_Sha3_256Hash	40	static
../Middlewares/wolfssl/wolfcrypt/src/hash.c:1747:9:wc_Sha3_384Hash_ex	40	static
../Middlewares/wolfssl/wolfcrypt/src/hash.c:1773:9:wc_Sha3_384Hash	40	static
../Middlewares/wolfssl/wolfcrypt/src/hash.c:1787:9:wc_Sha3_512Hash_ex	40	static
../Middlewares/wolfssl/wolfcrypt/src/hash.c:1813:9:wc_Sha3_512Hash	40	static
../Middlewares/wolfssl/wolfcrypt/src/hash.c:1827:9:wc_Shake128Hash_ex	40	static
../Middlewares/wolfssl/wolfcrypt/src/hash.c:1853:9:wc_Shake128Hash	40	static
../Middlewares/wolfssl/wolfcrypt/src/hash.c:1869:9:wc_Shake256Hash_ex	40	static
../Middlewares/wolfssl/wolfcrypt/src/hash.c:1895:9:wc_Shake256Hash	40	static
