/home/mika/Schreibtisch/STM32CubeN6/Projects/STM32N6570-DK/Applications/NetXDuo/Nx_MQTT_Client/STM32CubeIDE/Middlewares/wolfssl/wolfcrypt/src/misc.c:109:37:rotlFixed	16	static
/home/mika/Schreibtisch/STM32CubeN6/Projects/STM32N6570-DK/Applications/NetXDuo/Nx_MQTT_Client/STM32CubeIDE/Middlewares/wolfssl/wolfcrypt/src/misc.c:668:33:ctMaskWord32GTE	32	static
/home/mika/Schreibtisch/STM32CubeN6/Projects/STM32N6570-DK/Applications/NetXDuo/Nx_MQTT_Client/STM32CubeIDE/Middlewares/wolfssl/wolfcrypt/src/misc.c:773:37:min	24	static
../Middlewares/wolfssl/wolfcrypt/src/md5.c:189:12:Transform	40	static
../Middlewares/wolfssl/wolfcrypt/src/md5.c:278:23:AddLength	24	static
../Middlewares/wolfssl/wolfcrypt/src/md5.c:286:12:_InitMd5	24	static
../Middlewares/wolfssl/wolfcrypt/src/md5.c:305:5:wc_InitMd5_ex	32	static
../Middlewares/wolfssl/wolfcrypt/src/md5.c:328:5:wc_Md5Update	40	static
../Middlewares/wolfssl/wolfcrypt/src/md5.c:429:5:wc_Md5Final	24	static
../Middlewares/wolfssl/wolfcrypt/src/md5.c:496:5:wc_InitMd5	16	static
../Middlewares/wolfssl/wolfcrypt/src/md5.c:504:6:wc_Md5Free	16	static
../Middlewares/wolfssl/wolfcrypt/src/md5.c:517:5:wc_Md5GetHash	120	static
../Middlewares/wolfssl/wolfcrypt/src/md5.c:533:5:wc_Md5Copy	24	static
../Middlewares/wolfssl/wolfcrypt/src/md5.c:560:5:wc_Md5Transform	16	static
