/home/mika/Schreibtisch/STM32CubeN6/Projects/STM32N6570-DK/Applications/NetXDuo/Nx_MQTT_Client/STM32CubeIDE/Middlewares/wolfssl/wolfcrypt/src/misc.c:591:31:ForceZero	24	static
../Middlewares/wolfssl/wolfcrypt/src/pkcs12.c:116:12:wc_PKCS12_new	8	static
../Middlewares/wolfssl/wolfcrypt/src/pkcs12.c:122:12:wc_PKCS12_new_ex	24	static
../Middlewares/wolfssl/wolfcrypt/src/pkcs12.c:138:13:freeSafe	40	static
../Middlewares/wolfssl/wolfcrypt/src/pkcs12.c:159:6:wc_PKCS12_free	40	static
../Middlewares/wolfssl/wolfcrypt/src/pkcs12.c:191:12:GetSafeContent	72	static
../Middlewares/wolfssl/wolfcrypt/src/pkcs12.c:380:12:GetSignData	88	static
../Middlewares/wolfssl/wolfcrypt/src/pkcs12.c:525:12:wc_PKCS12_create_mac	1184	static
../Middlewares/wolfssl/wolfcrypt/src/pkcs12.c:601:12:wc_PKCS12_verify	112	static
../Middlewares/wolfssl/wolfcrypt/src/pkcs12.c:642:5:wc_PKCS12_verify_ex	32	static
../Middlewares/wolfssl/wolfcrypt/src/pkcs12.c:660:5:wc_d2i_PKCS12	48	static
../Middlewares/wolfssl/wolfcrypt/src/pkcs12.c:850:5:wc_i2d_PKCS12	152	static
../Middlewares/wolfssl/wolfcrypt/src/pkcs12.c:1065:6:wc_FreeCertList	32	static
../Middlewares/wolfssl/wolfcrypt/src/pkcs12.c:1084:31:freeDecCertList	56	static
../Middlewares/wolfssl/wolfcrypt/src/pkcs12.c:1287:5:wc_PKCS12_parse	40	static
../Middlewares/wolfssl/wolfcrypt/src/pkcs12.c:1308:5:wc_PKCS12_parse_ex	144	static
../Middlewares/wolfssl/wolfcrypt/src/pkcs12.c:1764:12:wc_PKCS12_get_enc_params	32	static
../Middlewares/wolfssl/wolfcrypt/src/pkcs12.c:1823:12:wc_PKCS12_shroud_key	152	static
../Middlewares/wolfssl/wolfcrypt/src/pkcs12.c:1928:12:wc_PKCS12_create_key_bag	96	static
../Middlewares/wolfssl/wolfcrypt/src/pkcs12.c:2013:12:wc_PKCS12_create_cert_bag	56	static
../Middlewares/wolfssl/wolfcrypt/src/pkcs12.c:2121:12:wc_PKCS12_encrypt_content	160	static
../Middlewares/wolfssl/wolfcrypt/src/pkcs12.c:2315:14:PKCS12_create_key_content	104	static
../Middlewares/wolfssl/wolfcrypt/src/pkcs12.c:2439:14:PKCS12_create_cert_content	136	static
../Middlewares/wolfssl/wolfcrypt/src/pkcs12.c:2598:12:PKCS12_create_safe	120	static
../Middlewares/wolfssl/wolfcrypt/src/pkcs12.c:2684:12:wc_PKCS12_create	168	static
../Middlewares/wolfssl/wolfcrypt/src/pkcs12.c:2828:5:wc_PKCS12_SetHeap	16	static
../Middlewares/wolfssl/wolfcrypt/src/pkcs12.c:2840:7:wc_PKCS12_GetHeap	16	static
