/home/mika/Schreibtisch/STM32CubeN6/Projects/STM32N6570-DK/Applications/NetXDuo/Nx_MQTT_Client/STM32CubeIDE/Middlewares/wolfssl/wolfcrypt/src/misc.c:283:33:readUnalignedWord64	24	static
../Middlewares/wolfssl/wolfcrypt/src/wc_mlkem_poly.c:215:13:mlkem_ntt	112	static
../Middlewares/wolfssl/wolfcrypt/src/wc_mlkem_poly.c:591:13:mlkem_invntt	112	static
../Middlewares/wolfssl/wolfcrypt/src/wc_mlkem_poly.c:1032:13:mlkem_basemul	48	static
../Middlewares/wolfssl/wolfcrypt/src/wc_mlkem_poly.c:1073:13:mlkem_basemul_mont	32	static
../Middlewares/wolfssl/wolfcrypt/src/wc_mlkem_poly.c:1127:13:mlkem_basemul_mont_add	64	static
../Middlewares/wolfssl/wolfcrypt/src/wc_mlkem_poly.c:1220:13:mlkem_pointwise_acc_mont	32	static
../Middlewares/wolfssl/wolfcrypt/src/wc_mlkem_poly.c:1242:6:mlkem_init	4	static
../Middlewares/wolfssl/wolfcrypt/src/wc_mlkem_poly.c:1511:13:mlkem_ntt_add_to	112	static
../Middlewares/wolfssl/wolfcrypt/src/wc_mlkem_poly.c:1805:13:mlkem_keygen_c	40	static
../Middlewares/wolfssl/wolfcrypt/src/wc_mlkem_poly.c:1863:6:mlkem_keygen	32	static
../Middlewares/wolfssl/wolfcrypt/src/wc_mlkem_poly.c:1984:13:mlkem_encapsulate_c	56	static
../Middlewares/wolfssl/wolfcrypt/src/wc_mlkem_poly.c:2055:6:mlkem_encapsulate	48	static
../Middlewares/wolfssl/wolfcrypt/src/wc_mlkem_poly.c:2209:13:mlkem_decapsulate_c	32	static
../Middlewares/wolfssl/wolfcrypt/src/wc_mlkem_poly.c:2248:6:mlkem_decapsulate	32	static
../Middlewares/wolfssl/wolfcrypt/src/wc_mlkem_poly.c:2878:12:mlkem_xof_absorb	32	static
../Middlewares/wolfssl/wolfcrypt/src/wc_mlkem_poly.c:2900:12:mlkem_xof_squeezeblocks	24	static
../Middlewares/wolfssl/wolfcrypt/src/wc_mlkem_poly.c:2916:5:mlkem_hash_new	24	static
../Middlewares/wolfssl/wolfcrypt/src/wc_mlkem_poly.c:2928:6:mlkem_hash_free	16	static
../Middlewares/wolfssl/wolfcrypt/src/wc_mlkem_poly.c:2944:5:mlkem_hash256	32	static
../Middlewares/wolfssl/wolfcrypt/src/wc_mlkem_poly.c:2971:5:mlkem_hash512	32	static
../Middlewares/wolfssl/wolfcrypt/src/wc_mlkem_poly.c:2995:6:mlkem_prf_init	16	static
../Middlewares/wolfssl/wolfcrypt/src/wc_mlkem_poly.c:3010:5:mlkem_prf_new	24	static
../Middlewares/wolfssl/wolfcrypt/src/wc_mlkem_poly.c:3022:6:mlkem_prf_free	16	static
../Middlewares/wolfssl/wolfcrypt/src/wc_mlkem_poly.c:3040:12:mlkem_prf	32	static
../Middlewares/wolfssl/wolfcrypt/src/wc_mlkem_poly.c:3180:5:mlkem_derive_secret	32	static
../Middlewares/wolfssl/wolfcrypt/src/wc_mlkem_poly.c:3242:21:mlkem_rej_uniform_c	40	static
../Middlewares/wolfssl/wolfcrypt/src/wc_mlkem_poly.c:3416:12:mlkem_gen_matrix_c	88	static
../Middlewares/wolfssl/wolfcrypt/src/wc_mlkem_poly.c:3519:5:mlkem_gen_matrix	40	static
../Middlewares/wolfssl/wolfcrypt/src/wc_mlkem_poly.c:3732:13:mlkem_cbd_eta2	72	static
../Middlewares/wolfssl/wolfcrypt/src/wc_mlkem_poly.c:3848:13:mlkem_cbd_eta3	184	static
../Middlewares/wolfssl/wolfcrypt/src/wc_mlkem_poly.c:4006:12:mlkem_get_noise_eta1_c	224	static
../Middlewares/wolfssl/wolfcrypt/src/wc_mlkem_poly.c:4055:12:mlkem_get_noise_eta2_c	160	static
../Middlewares/wolfssl/wolfcrypt/src/wc_mlkem_poly.c:4546:12:mlkem_get_noise_c	32	static
../Middlewares/wolfssl/wolfcrypt/src/wc_mlkem_poly.c:4594:5:mlkem_get_noise	48	static
../Middlewares/wolfssl/wolfcrypt/src/wc_mlkem_poly.c:4722:12:mlkem_cmp_c	32	static
../Middlewares/wolfssl/wolfcrypt/src/wc_mlkem_poly.c:4743:5:mlkem_cmp	32	static
../Middlewares/wolfssl/wolfcrypt/src/wc_mlkem_poly.c:4775:28:mlkem_csubq_c	24	static
../Middlewares/wolfssl/wolfcrypt/src/wc_mlkem_poly.c:4936:13:mlkem_vec_compress_10_c	136	static
../Middlewares/wolfssl/wolfcrypt/src/wc_mlkem_poly.c:5034:6:mlkem_vec_compress_10	24	static
../Middlewares/wolfssl/wolfcrypt/src/wc_mlkem_poly.c:5057:13:mlkem_vec_compress_11_c	232	static
../Middlewares/wolfssl/wolfcrypt/src/wc_mlkem_poly.c:5132:6:mlkem_vec_compress_11	16	static
../Middlewares/wolfssl/wolfcrypt/src/wc_mlkem_poly.c:5189:13:mlkem_vec_decompress_10_c	40	static
../Middlewares/wolfssl/wolfcrypt/src/wc_mlkem_poly.c:5240:6:mlkem_vec_decompress_10	24	static
../Middlewares/wolfssl/wolfcrypt/src/wc_mlkem_poly.c:5262:13:mlkem_vec_decompress_11_c	40	static
../Middlewares/wolfssl/wolfcrypt/src/wc_mlkem_poly.c:5328:6:mlkem_vec_decompress_11	16	static
../Middlewares/wolfssl/wolfcrypt/src/wc_mlkem_poly.c:5443:13:mlkem_compress_4_c	32	static
../Middlewares/wolfssl/wolfcrypt/src/wc_mlkem_poly.c:5497:6:mlkem_compress_4	16	static
../Middlewares/wolfssl/wolfcrypt/src/wc_mlkem_poly.c:5519:13:mlkem_compress_5_c	32	static
../Middlewares/wolfssl/wolfcrypt/src/wc_mlkem_poly.c:5575:6:mlkem_compress_5	16	static
../Middlewares/wolfssl/wolfcrypt/src/wc_mlkem_poly.c:5627:13:mlkem_decompress_4_c	24	static
../Middlewares/wolfssl/wolfcrypt/src/wc_mlkem_poly.c:5647:6:mlkem_decompress_4	16	static
../Middlewares/wolfssl/wolfcrypt/src/wc_mlkem_poly.c:5669:13:mlkem_decompress_5_c	32	static
../Middlewares/wolfssl/wolfcrypt/src/wc_mlkem_poly.c:5726:6:mlkem_decompress_5	16	static
../Middlewares/wolfssl/wolfcrypt/src/wc_mlkem_poly.c:5771:13:mlkem_from_msg_c	24	static
../Middlewares/wolfssl/wolfcrypt/src/wc_mlkem_poly.c:5803:6:mlkem_from_msg	16	static
../Middlewares/wolfssl/wolfcrypt/src/wc_mlkem_poly.c:5868:13:mlkem_to_msg_c	24	static
../Middlewares/wolfssl/wolfcrypt/src/wc_mlkem_poly.c:5904:6:mlkem_to_msg	16	static
../Middlewares/wolfssl/wolfcrypt/src/wc_mlkem_poly.c:5963:13:mlkem_from_bytes_c	32	static
../Middlewares/wolfssl/wolfcrypt/src/wc_mlkem_poly.c:5991:6:mlkem_from_bytes	24	static
../Middlewares/wolfssl/wolfcrypt/src/wc_mlkem_poly.c:6023:13:mlkem_to_bytes_c	40	static
../Middlewares/wolfssl/wolfcrypt/src/wc_mlkem_poly.c:6056:6:mlkem_to_bytes	24	static
