/home/mika/Schreibtisch/STM32CubeN6/Projects/STM32N6570-DK/Applications/NetXDuo/Nx_MQTT_Client/STM32CubeIDE/Middlewares/wolfssl/wolfssl/wolfcrypt/mem_track.h:144:24:TrackMalloc	32	static
/home/mika/Schreibtisch/STM32CubeN6/Projects/STM32N6570-DK/Applications/NetXDuo/Nx_MQTT_Client/STM32CubeIDE/Middlewares/wolfssl/wolfssl/wolfcrypt/mem_track.h:233:23:TrackFree	40	static
/home/mika/Schreibtisch/STM32CubeN6/Projects/STM32N6570-DK/Applications/NetXDuo/Nx_MQTT_Client/STM32CubeIDE/Middlewares/wolfssl/wolfssl/wolfcrypt/mem_track.h:308:24:TrackRealloc	40	static
/home/mika/Schreibtisch/STM32CubeN6/Projects/STM32N6570-DK/Applications/NetXDuo/Nx_MQTT_Client/STM32CubeIDE/Middlewares/wolfssl/wolfssl/wolfcrypt/mem_track.h:350:22:InitMemoryTracker	16	static
/home/mika/Schreibtisch/STM32CubeN6/Projects/STM32N6570-DK/Applications/NetXDuo/Nx_MQTT_Client/STM32CubeIDE/Middlewares/wolfssl/wolfssl/wolfcrypt/mem_track.h:390:23:ShowMemoryTracker	8	static
../Middlewares/wolfssl/wolfcrypt/src/wc_port.c:164:5:wolfCrypt_Init	16	static
../Middlewares/wolfssl/wolfcrypt/src/wc_port.c:469:5:wolfCrypt_Cleanup	16	static
../Middlewares/wolfssl/wolfcrypt/src/wc_port.c:1086:16:wc_InitAndAllocMutex	16	static
../Middlewares/wolfssl/wolfcrypt/src/wc_port.c:1107:7:wc_strtok	40	static
../Middlewares/wolfssl/wolfcrypt/src/wc_port.c:1160:7:wc_strsep	32	static
../Middlewares/wolfssl/wolfcrypt/src/wc_port.c:1187:8:wc_strlcpy	32	static
../Middlewares/wolfssl/wolfcrypt/src/wc_port.c:1205:8:wc_strlcat	32	static
../Middlewares/wolfssl/wolfcrypt/src/wc_port.c:1258:7:wc_strdup_ex	24	static
../Middlewares/wolfssl/wolfcrypt/src/wc_port.c:1990:9:wc_LockMutex_ex	32	static
../Middlewares/wolfssl/wolfcrypt/src/wc_port.c:2007:9:wc_SetMutexCb	16	static
../Middlewares/wolfssl/wolfcrypt/src/wc_port.c:2016:15:wc_GetMutexCb	4	static
../Middlewares/wolfssl/wolfcrypt/src/wc_port.c:2028:9:wc_InitMutex	16	static
../Middlewares/wolfssl/wolfcrypt/src/wc_port.c:2034:9:wc_FreeMutex	16	static
../Middlewares/wolfssl/wolfcrypt/src/wc_port.c:2041:9:wc_LockMutex	16	static
../Middlewares/wolfssl/wolfcrypt/src/wc_port.c:2048:9:wc_UnLockMutex	16	static
../Middlewares/wolfssl/wolfcrypt/src/wc_port.c:3616:9:wc_InitRwLock	16	static
../Middlewares/wolfssl/wolfcrypt/src/wc_port.c:3621:9:wc_FreeRwLock	16	static
../Middlewares/wolfssl/wolfcrypt/src/wc_port.c:3626:9:wc_LockRwLock_Wr	16	static
../Middlewares/wolfssl/wolfcrypt/src/wc_port.c:3631:9:wc_LockRwLock_Rd	16	static
../Middlewares/wolfssl/wolfcrypt/src/wc_port.c:3636:9:wc_UnLockRwLock	16	static
../Middlewares/wolfssl/wolfcrypt/src/wc_port.c:4113:7:wolfSSL_strnstr	32	static
